{
  message: '🖥️ Server running on http://localhost:5001',
  level: 'info',
  timestamp: '2026-04-16T17:00:33.614Z'
}
{
  message: '✅ API endpoints ready',
  level: 'info',
  timestamp: '2026-04-16T17:00:33.623Z'
}
{
  message: '🖥️ Server running on http://localhost:5001',
  level: 'info',
  timestamp: '2026-04-16T17:16:23.006Z'
}
{
  message: '✅ API endpoints ready',
  level: 'info',
  timestamp: '2026-04-16T17:16:23.010Z'
}
{
  message: '🖥️ Server running on http://localhost:5001',
  level: 'info',
  timestamp: '2026-04-16T17:18:24.895Z'
}
{
  message: '✅ API endpoints ready',
  level: 'info',
  timestamp: '2026-04-16T17:18:24.899Z'
}
{
  message: '🖥️ Server running on http://localhost:5001',
  level: 'info',
  timestamp: '2026-04-16T17:18:31.881Z'
}
{
  message: '✅ API endpoints ready',
  level: 'info',
  timestamp: '2026-04-16T17:18:31.885Z'
}
{
  message: '🖥️ Server running on http://localhost:5001',
  level: 'info',
  timestamp: '2026-04-16T17:19:53.791Z'
}
{
  message: '✅ API endpoints ready',
  level: 'info',
  timestamp: '2026-04-16T17:19:53.795Z'
}
{
  message: '🖥️ Server running on http://localhost:5001',
  level: 'info',
  timestamp: '2026-04-16T17:20:07.911Z'
}
{
  message: '✅ API endpoints ready',
  level: 'info',
  timestamp: '2026-04-16T17:20:07.915Z'
}
